// Jest Snapshot v1, https://goo.gl/fbAQLP

exports[`character default test 1`] = `
<body>
  <div>
    <div
      class="sc-llYToB gmcOhP"
    >
      <div
        class="sc-iJKOzS cWtjDx"
      >
        <div
          class="sc-giYgFv kfpQDY"
        >
          <input
            class="sc-ezbkgU glbxXO"
            value=""
          />
          <div
            class="sc-bYoCmx koUNJn"
          >
            <button
              aria-disabled="false"
              class="sc-bdvvaa gazzRl"
              type="button"
            >
              <img
                alt="paste"
                src="Paste.svg"
                style="width: 32px;"
              />
            </button>
          </div>
        </div>
        <div
          class="sc-bYoCmx koUNJn"
        >
          <button
            aria-disabled="false"
            class="sc-bdvvaa fubKHy"
            type="button"
          >
            <img
              alt="save"
              src="Save.svg"
              style="width: 32px;"
            />
          </button>
        </div>
      </div>
      <h1
        class="sc-kLwgWK iTCysJ"
      />
      <div
        class="sc-hBURRC loGFyG"
      >
        <button
          aria-disabled="false"
          class="sc-bdvvaa gazzRl"
          type="button"
        >
          <div
            class="sc-fotPbf fXlftg"
          >
            <p>
              戦闘
            </p>
            <img
              class="sc-fFehDp irLgHc"
              src="Philosophy.svg"
            />
          </div>
        </button>
      </div>
      <div
        aria-hidden="true"
      >
        <section>
          <div
            class="sc-eCImvq bYaaRV"
          >
            <div
              class="sc-gsDJrp jQLRGH"
            >
              <button
                aria-disabled="false"
                class="sc-bdvvaa gTEdOA"
                type="button"
              >
                <img
                  alt=""
                  class="sc-dkPtyc cooIAe"
                  src="Navigation.svg"
                />
                <p
                  class="sc-hKwCoD"
                >
                  未設定
                </p>
              </button>
            </div>
          </div>
          <div
            class="sc-jRQAMF hiVDmz"
          >
            <h3>
              未設定
            </h3>
            <p>
              このアビリティは未設定です。本来表示されない画面なのでバグが疑われます。@EggoggE にご連絡くださると大変うれしいです。
            </p>
          </div>
          <div
            class="sc-gKckTs ikCtEA"
          >
            <button
              aria-disabled="false"
              class="sc-bdvvaa gazzRl"
              type="button"
            >
              使用
            </button>
          </div>
        </section>
      </div>
      <div
        aria-hidden="false"
      >
        <section>
          <div
            class="sc-bkkfTU ipqOsL"
          >
            <div
              class="sc-ieebsP iPrtHQ"
            >
              <div
                class="sc-hBURRC loGFyG"
              >
                <button
                  aria-disabled="false"
                  class="sc-bdvvaa gazzRl"
                  type="button"
                >
                  <div
                    class="sc-fotPbf fXlftg"
                  >
                    <p>
                      編集
                    </p>
                    <img
                      class="sc-fFehDp irLgHc"
                      src="Training.svg"
                    />
                  </div>
                </button>
              </div>
            </div>
            <div
              class="sc-dJjZJu jsNcXy"
            >
              <div
                class="sc-hGPAah grmoVF"
              >
                <img
                  alt="魂魄量"
                  class="sc-dlVyqM glWOWu"
                  src="MaxHp.svg"
                />
                <input
                  class="sc-kfPtPH iDAWGO"
                  value="0"
                />
                <p
                  class="sc-fKVsgm YqkzQ"
                >
                  0
                </p>
              </div>
              <div
                class="sc-bBHwJV gdEmuP"
              >
                <img
                  alt="深度"
                  class="sc-dlVyqM glWOWu"
                  src="MaxDepth.svg"
                />
                <input
                  class="sc-iwjezw ieYwev"
                  value="1"
                />
                <p
                  class="sc-cxpRKc dJVzj"
                >
                  4
                </p>
              </div>
            </div>
          </div>
          <div
            aria-hidden="true"
          >
            <div
              class="sc-egiSv lcNUKd"
            >
              0
            </div>
            <div
              class="sc-jrQzUz cznIgU"
            >
              <div
                style="display: flex; column-gap: 32px; align-items: center;"
              >
                <h3
                  style="min-width: 25%;"
                >
                  スキルが未設定です
                </h3>
                <p
                  style="font-size: 1.4rem; line-height: 1; margin: 0px;"
                >
                  <img
                    alt=""
                    height="24"
                    src="Depth.svg"
                    style="margin-right: 0.625rem;"
                    width="24"
                  />
                  0
                </p>
              </div>
              <p>
                編集モードでスキルを5つ設定してください。
              </p>
            </div>
            <div
              class="sc-ksdxAp brOVZi"
            >
              <button
                aria-disabled="false"
                class="sc-bdvvaa gazzRl"
                type="button"
              >
                使用
              </button>
            </div>
          </div>
          <div
            aria-hidden="false"
          >
            <div
              class="sc-kDThTU eDwtFa"
            >
              <img
                alt=""
                class="sc-iqsfdx fDQNvj"
                src=""
              />
              <h2>
                未設定メイン武器
              </h2>
            </div>
            <div
              class="sc-crHlIS fkYXVw"
            >
              <div
                style="width: 142px; margin-right: 1.25rem;"
              >
                <div
                  class="sc-iCfLBT YhKvB"
                >
                  <button
                    aria-disabled="false"
                    class="sc-bdvvaa gazzRl"
                    type="button"
                  >
                    <img
                      alt=""
                      class="sc-furvIG klBbPG"
                      src="FirstAid.svg"
                    />
                    <p
                      class="sc-pVTma"
                    >
                      スキルが未設定です
                    </p>
                  </button>
                </div>
              </div>
            </div>
            <div
              class="sc-kDThTU eDwtFa"
            >
              <img
                alt=""
                class="sc-iqsfdx fDQNvj"
                src=""
              />
              <h2>
                未設定サブ武器
              </h2>
            </div>
            <div
              class="sc-crHlIS fkYXVw"
            >
              <div
                style="width: 142px; margin-right: 1.25rem;"
              >
                <div
                  class="sc-iCfLBT YhKvB"
                >
                  <button
                    aria-disabled="false"
                    class="sc-bdvvaa gazzRl"
                    type="button"
                  >
                    <img
                      alt=""
                      class="sc-furvIG klBbPG"
                      src="FirstAid.svg"
                    />
                    <p
                      class="sc-pVTma"
                    >
                      スキルが未設定です
                    </p>
                  </button>
                </div>
              </div>
            </div>
            <div
              class="sc-jrQzUz cznIgU"
            >
              <div
                style="display: flex; column-gap: 32px; align-items: center;"
              >
                <h3
                  style="min-width: 25%;"
                >
                  スキルが未設定です
                </h3>
                <p
                  style="font-size: 1.4rem; line-height: 1; margin: 0px;"
                >
                  <img
                    alt=""
                    height="24"
                    src="Depth.svg"
                    style="margin-right: 0.625rem;"
                    width="24"
                  />
                  0
                </p>
              </div>
              <p>
                編集モードでスキルを5つ設定してください。
              </p>
            </div>
          </div>
        </section>
      </div>
    </div>
  </div>
</body>
`;
