// Jest Snapshot v1, https://goo.gl/fbAQLP

exports[`actor/button default test 1`] = `
<body>
  <div>
    <div
      class="sc-gsDJrp klUCAp"
    >
      <button
        class="sc-bdvvaa kOvQAv"
        type="button"
      >
        <img
          alt=""
          class="sc-dkPtyc gsmpjX"
          src=""
        />
        <p
          class="sc-hKwCoD bpiNNo"
        >
          未設定
        </p>
      </button>
    </div>
  </div>
</body>
`;
